C:\ST\STM32CubeIDE_1.11.2\STM32CubeIDE\plugins\com.st.stm32cube.ide.mcu.externaltools.gnu-tools-for-stm32.11.3.rel1.win32_1.1.1.202309131626\tools\bin/../lib/gcc/arm-none-eabi/11.3.1/../../../../arm-none-eabi/include/c++/11.3.1/cmath:165:3:constexpr float std::ceil(float)	16	static
../Core/Src/main.cpp:94:5:int steppingyaktreba(float, float)	16	static
../Core/Src/main.cpp:99:5:int steppingyakkazavmaxim(float, float)	48	static
../Core/Src/main.cpp:165:5:int main()	360	static
../Core/Src/main.cpp:291:6:void SystemClock_Config()	72	static
../Core/Src/main.cpp:332:13:void MX_SPI1_Init()	8	static
../Core/Src/main.cpp:368:13:void MX_TIM1_Init()	80	static
../Core/Src/main.cpp:431:13:void MX_TIM2_Init()	48	static
../Core/Src/main.cpp:478:13:void MX_USART1_UART_Init()	8	static
../Core/Src/main.cpp:509:13:void MX_GPIO_Init()	40	static
../Core/Src/main.cpp:557:6:void HAL_UART_RxCpltCallback(UART_HandleTypeDef*)	24	static
../Core/Src/main.cpp:585:6:void StartDefaultTask(const void*)	16	static
../Core/Src/main.cpp:602:6:void StartAMT22Data(const void*)	16	static
../Core/Src/main.cpp:645:6:void StartUARTData(const void*)	16	static
../Core/Src/main.cpp:666:6:void HAL_TIM_PeriodElapsedCallback(TIM_HandleTypeDef*)	16	static
../Core/Src/main.cpp:705:6:void Error_Handler()	4	static,ignoring_inline_asm
