C:\ST\STM32CubeIDE_1.11.2\STM32CubeIDE\plugins\com.st.stm32cube.ide.mcu.externaltools.gnu-tools-for-stm32.11.3.rel1.win32_1.1.1.202309131626\tools\bin/../lib/gcc/arm-none-eabi/11.3.1/../../../../arm-none-eabi/include/c++/11.3.1/cmath:165:3:constexpr float std::ceil(float)	16	static
../Core/Src/main.cpp:94:5:int steppingyaktreba(float, float)	16	static
../Core/Src/main.cpp:99:5:int steppingyakkazavmaxim(float, float)	48	static
../Core/Src/main.cpp:167:5:int main()	120	static
../Core/Src/main.cpp:283:6:void SystemClock_Config()	72	static
../Core/Src/main.cpp:324:13:void MX_SPI1_Init()	8	static
../Core/Src/main.cpp:360:13:void MX_TIM1_Init()	80	static
../Core/Src/main.cpp:423:13:void MX_TIM2_Init()	48	static
../Core/Src/main.cpp:470:13:void MX_USART1_UART_Init()	8	static
../Core/Src/main.cpp:501:13:void MX_GPIO_Init()	40	static
../Core/Src/main.cpp:549:6:void HAL_UART_RxCpltCallback(UART_HandleTypeDef*)	16	static
../Core/Src/main.cpp:577:6:void StartDefaultTask(const void*)	32	static
../Core/Src/main.cpp:600:6:void StartAMT22Data(const void*)	88	static
../Core/Src/main.cpp:647:6:void StartUARTData(const void*)	16	static
../Core/Src/main.cpp:668:6:void HAL_TIM_PeriodElapsedCallback(TIM_HandleTypeDef*)	16	static
../Core/Src/main.cpp:707:6:void Error_Handler()	4	static,ignoring_inline_asm
../Core/Src/main.cpp:714:1:void __static_initialization_and_destruction_0(int, int)	16	static
../Core/Src/main.cpp:714:1:cpp)	8	static
