C:\ST\STM32CubeIDE_1.11.2\STM32CubeIDE\plugins\com.st.stm32cube.ide.mcu.externaltools.gnu-tools-for-stm32.11.3.rel1.win32_1.1.1.202309131626\tools\bin/../lib/gcc/arm-none-eabi/11.3.1/../../../../arm-none-eabi/include/c++/11.3.1/cmath:165:3:constexpr float std::ceil(float)	16	static
../Core/Src/main.cpp:94:5:int steppingyaktreba(float, float)	16	static
../Core/Src/main.cpp:99:5:int steppingyakkazavmaxim(float, float)	48	static
../Core/Src/main.cpp:167:5:int main()	136	static
../Core/Src/main.cpp:281:6:void SystemClock_Config()	72	static
../Core/Src/main.cpp:322:13:void MX_SPI1_Init()	8	static
../Core/Src/main.cpp:358:13:void MX_TIM1_Init()	80	static
../Core/Src/main.cpp:421:13:void MX_TIM2_Init()	48	static
../Core/Src/main.cpp:468:13:void MX_USART1_UART_Init()	8	static
../Core/Src/main.cpp:499:13:void MX_GPIO_Init()	40	static
../Core/Src/main.cpp:547:6:void HAL_UART_RxCpltCallback(UART_HandleTypeDef*)	24	static
../Core/Src/main.cpp:582:6:void StartDefaultTask(const void*)	16	static
../Core/Src/main.cpp:599:6:void StartAMT22Data(const void*)	16	static
../Core/Src/main.cpp:617:6:void StartUARTData(const void*)	64	static
../Core/Src/main.cpp:658:6:void HAL_TIM_PeriodElapsedCallback(TIM_HandleTypeDef*)	16	static
../Core/Src/main.cpp:697:6:void Error_Handler()	4	static,ignoring_inline_asm
../Core/Src/main.cpp:704:1:void __static_initialization_and_destruction_0(int, int)	16	static
../Core/Src/main.cpp:704:1:cpp)	8	static
