C:\ST\STM32CubeIDE_1.11.2\STM32CubeIDE\plugins\com.st.stm32cube.ide.mcu.externaltools.gnu-tools-for-stm32.11.3.rel1.win32_1.1.1.202309131626\tools\bin/../lib/gcc/arm-none-eabi/11.3.1/../../../../arm-none-eabi/include/c++/11.3.1/cmath:165:3:constexpr float std::ceil(float)	16	static
../Core/Src/main.cpp:99:5:int steppingyakkazavmaxim(float, float)	48	static
../Core/Src/main.cpp:169:5:int main()	136	static
../Core/Src/main.cpp:265:6:void SystemClock_Config()	72	static
../Core/Src/main.cpp:309:13:void MX_SPI1_Init()	8	static
../Core/Src/main.cpp:347:13:void MX_TIM1_Init()	80	static
../Core/Src/main.cpp:412:13:void MX_TIM2_Init()	48	static
../Core/Src/main.cpp:461:13:void MX_USART1_UART_Init()	8	static
../Core/Src/main.cpp:494:13:void MX_GPIO_Init()	40	static
../Core/Src/main.cpp:542:6:void HAL_UART_RxCpltCallback(UART_HandleTypeDef*)	32	static
../Core/Src/main.cpp:575:6:void StartDefaultTask(const void*)	16	static
../Core/Src/main.cpp:612:6:void StartAMT22Data(const void*)	16	static
../Core/Src/main.cpp:632:6:void StartUARTData(const void*)	152	static
../Core/Src/main.cpp:677:6:void HAL_TIM_PeriodElapsedCallback(TIM_HandleTypeDef*)	16	static
../Core/Src/main.cpp:724:6:void Error_Handler()	4	static,ignoring_inline_asm
../Core/Src/main.cpp:732:1:void __static_initialization_and_destruction_0(int, int)	16	static
../Core/Src/main.cpp:732:1:cpp)	8	static
