../Core/Src/main.c:70:6:HAL_TIM_PeriodElapsedCallback	16	static
../Core/Src/main.c:96:5:steppingyakkazavmaxim	48	static
../Core/Src/main.c:162:5:main	40	static
../Core/Src/main.c:245:6:SystemClock_Config	72	static
../Core/Src/main.c:289:13:MX_SPI1_Init	8	static
../Core/Src/main.c:327:13:MX_TIM1_Init	80	static
../Core/Src/main.c:392:13:MX_TIM2_Init	48	static
../Core/Src/main.c:441:13:MX_TIM3_Init	32	static
../Core/Src/main.c:486:13:MX_GPIO_Init	40	static
../Core/Src/main.c:540:6:Error_Handler	4	static,ignoring_inline_asm
