Archive member included to satisfy reference by file (symbol)

C:/ST/STM32CubeIDE_1.11.2/STM32CubeIDE/plugins/com.st.stm32cube.ide.mcu.externaltools.gnu-tools-for-stm32.11.3.rel1.win32_1.1.1.202309131626/tools/bin/../lib/gcc/arm-none-eabi/11.3.1/../../../../arm-none-eabi/lib/thumb/v7-m/nofp\libc_nano.a(libc_a-exit.o)
                              C:/ST/STM32CubeIDE_1.11.2/STM32CubeIDE/plugins/com.st.stm32cube.ide.mcu.externaltools.gnu-tools-for-stm32.11.3.rel1.win32_1.1.1.202309131626/tools/bin/../lib/gcc/arm-none-eabi/11.3.1/../../../../arm-none-eabi/lib/thumb/v7-m/nofp/crt0.o (exit)
C:/ST/STM32CubeIDE_1.11.2/STM32CubeIDE/plugins/com.st.stm32cube.ide.mcu.externaltools.gnu-tools-for-stm32.11.3.rel1.win32_1.1.1.202309131626/tools/bin/../lib/gcc/arm-none-eabi/11.3.1/../../../../arm-none-eabi/lib/thumb/v7-m/nofp\libc_nano.a(libc_a-findfp.o)
                              C:/ST/STM32CubeIDE_1.11.2/STM32CubeIDE/plugins/com.st.stm32cube.ide.mcu.externaltools.gnu-tools-for-stm32.11.3.rel1.win32_1.1.1.202309131626/tools/bin/../lib/gcc/arm-none-eabi/11.3.1/../../../../arm-none-eabi/lib/thumb/v7-m/nofp\libc_nano.a(libc_a-exit.o) (__stdio_exit_handler)
C:/ST/STM32CubeIDE_1.11.2/STM32CubeIDE/plugins/com.st.stm32cube.ide.mcu.externaltools.gnu-tools-for-stm32.11.3.rel1.win32_1.1.1.202309131626/tools/bin/../lib/gcc/arm-none-eabi/11.3.1/../../../../arm-none-eabi/lib/thumb/v7-m/nofp\libc_nano.a(libc_a-fwalk.o)
                              C:/ST/STM32CubeIDE_1.11.2/STM32CubeIDE/plugins/com.st.stm32cube.ide.mcu.externaltools.gnu-tools-for-stm32.11.3.rel1.win32_1.1.1.202309131626/tools/bin/../lib/gcc/arm-none-eabi/11.3.1/../../../../arm-none-eabi/lib/thumb/v7-m/nofp\libc_nano.a(libc_a-findfp.o) (_fwalk_sglue)
C:/ST/STM32CubeIDE_1.11.2/STM32CubeIDE/plugins/com.st.stm32cube.ide.mcu.externaltools.gnu-tools-for-stm32.11.3.rel1.win32_1.1.1.202309131626/tools/bin/../lib/gcc/arm-none-eabi/11.3.1/../../../../arm-none-eabi/lib/thumb/v7-m/nofp\libc_nano.a(libc_a-stdio.o)
                              C:/ST/STM32CubeIDE_1.11.2/STM32CubeIDE/plugins/com.st.stm32cube.ide.mcu.externaltools.gnu-tools-for-stm32.11.3.rel1.win32_1.1.1.202309131626/tools/bin/../lib/gcc/arm-none-eabi/11.3.1/../../../../arm-none-eabi/lib/thumb/v7-m/nofp\libc_nano.a(libc_a-findfp.o) (__sread)
C:/ST/STM32CubeIDE_1.11.2/STM32CubeIDE/plugins/com.st.stm32cube.ide.mcu.externaltools.gnu-tools-for-stm32.11.3.rel1.win32_1.1.1.202309131626/tools/bin/../lib/gcc/arm-none-eabi/11.3.1/../../../../arm-none-eabi/lib/thumb/v7-m/nofp\libc_nano.a(libc_a-memset.o)
                              C:/ST/STM32CubeIDE_1.11.2/STM32CubeIDE/plugins/com.st.stm32cube.ide.mcu.externaltools.gnu-tools-for-stm32.11.3.rel1.win32_1.1.1.202309131626/tools/bin/../lib/gcc/arm-none-eabi/11.3.1/../../../../arm-none-eabi/lib/thumb/v7-m/nofp/crt0.o (memset)
C:/ST/STM32CubeIDE_1.11.2/STM32CubeIDE/plugins/com.st.stm32cube.ide.mcu.externaltools.gnu-tools-for-stm32.11.3.rel1.win32_1.1.1.202309131626/tools/bin/../lib/gcc/arm-none-eabi/11.3.1/../../../../arm-none-eabi/lib/thumb/v7-m/nofp\libc_nano.a(libc_a-closer.o)
                              C:/ST/STM32CubeIDE_1.11.2/STM32CubeIDE/plugins/com.st.stm32cube.ide.mcu.externaltools.gnu-tools-for-stm32.11.3.rel1.win32_1.1.1.202309131626/tools/bin/../lib/gcc/arm-none-eabi/11.3.1/../../../../arm-none-eabi/lib/thumb/v7-m/nofp\libc_nano.a(libc_a-stdio.o) (_close_r)
C:/ST/STM32CubeIDE_1.11.2/STM32CubeIDE/plugins/com.st.stm32cube.ide.mcu.externaltools.gnu-tools-for-stm32.11.3.rel1.win32_1.1.1.202309131626/tools/bin/../lib/gcc/arm-none-eabi/11.3.1/../../../../arm-none-eabi/lib/thumb/v7-m/nofp\libc_nano.a(libc_a-reent.o)
                              C:/ST/STM32CubeIDE_1.11.2/STM32CubeIDE/plugins/com.st.stm32cube.ide.mcu.externaltools.gnu-tools-for-stm32.11.3.rel1.win32_1.1.1.202309131626/tools/bin/../lib/gcc/arm-none-eabi/11.3.1/../../../../arm-none-eabi/lib/thumb/v7-m/nofp\libc_nano.a(libc_a-closer.o) (errno)
C:/ST/STM32CubeIDE_1.11.2/STM32CubeIDE/plugins/com.st.stm32cube.ide.mcu.externaltools.gnu-tools-for-stm32.11.3.rel1.win32_1.1.1.202309131626/tools/bin/../lib/gcc/arm-none-eabi/11.3.1/../../../../arm-none-eabi/lib/thumb/v7-m/nofp\libc_nano.a(libc_a-impure.o)
                              C:/ST/STM32CubeIDE_1.11.2/STM32CubeIDE/plugins/com.st.stm32cube.ide.mcu.externaltools.gnu-tools-for-stm32.11.3.rel1.win32_1.1.1.202309131626/tools/bin/../lib/gcc/arm-none-eabi/11.3.1/../../../../arm-none-eabi/lib/thumb/v7-m/nofp\libc_nano.a(libc_a-reent.o) (_impure_ptr)
C:/ST/STM32CubeIDE_1.11.2/STM32CubeIDE/plugins/com.st.stm32cube.ide.mcu.externaltools.gnu-tools-for-stm32.11.3.rel1.win32_1.1.1.202309131626/tools/bin/../lib/gcc/arm-none-eabi/11.3.1/../../../../arm-none-eabi/lib/thumb/v7-m/nofp\libc_nano.a(libc_a-lseekr.o)
[...]
Memory Configuration

Name             Origin             Length             Attributes
RAM              0x0000000020000000 0x0000000000002800 xrw
FLASH            0x0000000008000000 0x0000000000008000 xr
*default*        0x0000000000000000 0xffffffffffffffff

Linker script and memory map

LOAD C:/ST/STM32CubeIDE_1.11.2/STM32CubeIDE/plugins/com.st.stm32cube.ide.mcu.externaltools.gnu-tools-for-stm32.11.3.rel1.win32_1.1.1.202309131626/tools/bin/../lib/gcc/arm-none-eabi/11.3.1/thumb/v7-m/nofp/crti.o
LOAD C:/ST/STM32CubeIDE_1.11.2/STM32CubeIDE/plugins/com.st.stm32cube.ide.mcu.externaltools.gnu-tools-for-stm32.11.3.rel1.win32_1.1.1.202309131626/tools/bin/../lib/gcc/arm-none-eabi/11.3.1/thumb/v7-m/nofp/crtbegin.o
LOAD C:/ST/STM32CubeIDE_1.11.2/STM32CubeIDE/plugins/com.st.stm32cube.ide.mcu.externaltools.gnu-tools-for-stm32.11.3.rel1.win32_1.1.1.202309131626/tools/bin/../lib/gcc/arm-none-eabi/11.3.1/../../../../arm-none-eabi/lib/thumb/v7-m/nofp/crt0.o
LOAD ./Core/Src/DWT_Delay.o
LOAD ./Core/Src/TMC2209.o
LOAD ./Core/Src/main.o
LOAD ./Core/Src/stm32f1xx_hal_msp.o
LOAD ./Core/Src/stm32f1xx_it.o
LOAD ./Core/Src/syscalls.o
LOAD ./Core/Src/sysmem.o
LOAD ./Core/Src/system_stm32f1xx.o
LOAD ./Core/Startup/startup_stm32f103c6tx.o
LOAD ./Drivers/STM32F1xx_HAL_Driver/Src/stm32f1xx_hal.o
LOAD ./Drivers/STM32F1xx_HAL_Driver/Src/stm32f1xx_hal_cortex.o
LOAD ./Drivers/STM32F1xx_HAL_Driver/Src/stm32f1xx_hal_dma.o
LOAD ./Drivers/STM32F1xx_HAL_Driver/Src/stm32f1xx_hal_exti.o
LOAD ./Drivers/STM32F1xx_HAL_Driver/Src/stm32f1xx_hal_flash.o
LOAD ./Drivers/STM32F1xx_HAL_Driver/Src/stm32f1xx_hal_flash_ex.o
LOAD ./Drivers/STM32F1xx_HAL_Driver/Src/stm32f1xx_hal_gpio.o
LOAD ./Drivers/STM32F1xx_HAL_Driver/Src/stm32f1xx_hal_gpio_ex.o
LOAD ./Drivers/STM32F1xx_HAL_Driver/Src/stm32f1xx_hal_pwr.o
LOAD ./Drivers/STM32F1xx_HAL_Driver/Src/stm32f1xx_hal_rcc.o
LOAD ./Drivers/STM32F1xx_HAL_Driver/Src/stm32f1xx_hal_rcc_ex.o
LOAD ./Drivers/STM32F1xx_HAL_Driver/Src/stm32f1xx_hal_tim.o
LOAD ./Drivers/STM32F1xx_HAL_Driver/Src/stm32f1xx_hal_tim_ex.o
LOAD ./Drivers/STM32F1xx_HAL_Driver/Src/stm32f1xx_hal_uart.o
START GROUP
LOAD C:/ST/STM32CubeIDE_1.11.2/STM32CubeIDE/plugins/com.st.stm32cube.ide.mcu.externaltools.gnu-tools-for-stm32.11.3.rel1.win32_1.1.1.202309131626/tools/bin/../lib/gcc/arm-none-eabi/11.3.1/../../../../arm-none-eabi/lib/thumb/v7-m/nofp\libstdc++_nano.a
LOAD C:/ST/STM32CubeIDE_1.11.2/STM32CubeIDE/plugins/com.st.stm32cube.ide.mcu.externaltools.gnu-tools-for-stm32.11.3.rel1.win32_1.1.1.202309131626/tools/bin/../lib/gcc/arm-none-eabi/11.3.1/../../../../arm-none-eabi/lib/thumb/v7-m/nofp\libsupc++_nano.a
END GROUP
LOAD C:/ST/STM32CubeIDE_1.11.2/STM32CubeIDE/plugins/com.st.stm32cube.ide.mcu.externaltools.gnu-tools-for-stm32.11.3.rel1.win32_1.1.1.202309131626/tools/bin/../lib/gcc/arm-none-eabi/11.3.1/../../../../arm-none-eabi/lib/thumb/v7-m/nofp\libstdc++_nano.a
LOAD C:/ST/STM32CubeIDE_1.11.2/STM32CubeIDE/plugins/com.st.stm32cube.ide.mcu.externaltools.gnu-tools-for-stm32.11.3.rel1.win32_1.1.1.202309131626/tools/bin/../lib/gcc/arm-none-eabi/11.3.1/../../../../arm-none-eabi/lib/thumb/v7-m/nofp\libm.a
LOAD C:/ST/STM32CubeIDE_1.11.2/STM32CubeIDE/plugins/com.st.stm32cube.ide.mcu.externaltools.gnu-tools-for-stm32.11.3.rel1.win32_1.1.1.202309131626/tools/bin/../lib/gcc/arm-none-eabi/11.3.1/../../../../arm-none-eabi/lib/thumb/v7-m/nofp\libc_nano.a
START GROUP
LOAD C:/ST/STM32CubeIDE_1.11.2/STM32CubeIDE/plugins/com.st.stm32cube.ide.mcu.externaltools.gnu-tools-for-stm32.11.3.rel1.win32_1.1.1.202309131626/tools/bin/../lib/gcc/arm-none-eabi/11.3.1/thumb/v7-m/nofp\libgcc.a
LOAD C:/ST/STM32CubeIDE_1.11.2/STM32CubeIDE/plugins/com.st.stm32cube.ide.mcu.externaltools.gnu-tools-for-stm32.11.3.rel1.win32_1.1.1.202309131626/tools/bin/../lib/gcc/arm-none-eabi/11.3.1/../../../../arm-none-eabi/lib/thumb/v7-m/nofp\libc_nano.a
END GROUP
START GROUP
LOAD C:/ST/STM32CubeIDE_1.11.2/STM32CubeIDE/plugins/com.st.stm32cube.ide.mcu.externaltools.gnu-tools-for-stm32.11.3.rel1.win32_1.1.1.202309131626/tools/bin/../lib/gcc/arm-none-eabi/11.3.1/thumb/v7-m/nofp\libgcc.a
LOAD C:/ST/STM32CubeIDE_1.11.2/STM32CubeIDE/plugins/com.st.stm32cube.ide.mcu.externaltools.gnu-tools-for-stm32.11.3.rel1.win32_1.1.1.202309131626/tools/bin/../lib/gcc/arm-none-eabi/11.3.1/../../../../arm-none-eabi/lib/thumb/v7-m/nofp\libc_nano.a
END GROUP
LOAD C:/ST/STM32CubeIDE_1.11.2/STM32CubeIDE/plugins/com.st.stm32cube.ide.mcu.externaltools.gnu-tools-for-stm32.11.3.rel1.win32_1.1.1.202309131626/tools/bin/../lib/gcc/arm-none-eabi/11.3.1/thumb/v7-m/nofp/crtend.o
LOAD C:/ST/STM32CubeIDE_1.11.2/STM32CubeIDE/plugins/com.st.stm32cube.ide.mcu.externaltools.gnu-tools-for-stm32.11.3.rel1.win32_1.1.1.202309131626/tools/bin/../lib/gcc/arm-none-eabi/11.3.1/thumb/v7-m/nofp/crtn.o
                0x0000000020002800                _estack = (ORIGIN (RAM) + LENGTH (RAM))
                0x0000000000000200                _Min_Heap_Size = 0x200
                0x0000000000000400                _Min_Stack_Size = 0x400

.isr_vector     0x0000000008000000      0x10c
                0x0000000008000000                . = ALIGN (0x4)
 *(.isr_vector)
 .isr_vector    0x0000000008000000      0x10c ./Core/Startup/startup_stm32f103c6tx.o
                0x0000000008000000                g_pfnVectors
                0x000000000800010c                . = ALIGN (0x4)

.text           0x000000000800010c     0x2db4
                0x000000000800010c                . = ALIGN (0x4)
 *(.text)
 .text          0x000000000800010c       0x40 C:/ST/STM32CubeIDE_1.11.2/STM32CubeIDE/plugins/com.st.stm32cube.ide.mcu.externaltools.gnu-tools-for-stm32.11.3.rel1.win32_1.1.1.202309131626/tools/bin/../lib/gcc/arm-none-eabi/11.3.1/thumb/v7-m/nofp/crtbegin.o
 *(.text*)
 .text.DWT_Delay_Init
                0x000000000800014c       0x60 ./Core/Src/DWT_Delay.o
                0x000000000800014c                DWT_Delay_Init
 .text._ZL12DWT_Delay_usm
                0x00000000080001ac       0x58 ./Core/Src/TMC2209.o
 .text._ZN7TMC2209C2Ev
                0x0000000008000204       0x38 ./Core/Src/TMC2209.o
                0x0000000008000204                TMC2209::TMC2209()
                0x0000000008000204                TMC2209::TMC2209()
 .text._ZN7TMC22095setupEP20__UART_HandleTypeDeflNS_13SerialAddressE
                0x000000000800023c       0x28 ./Core/Src/TMC2209.o
                0x000000000800023c                TMC2209::setup(__UART_HandleTypeDef*, long, TMC2209::SerialAddress)
 .text._ZN7TMC22096enableEv
                0x0000000008000264       0x44 ./Core/Src/TMC2209.o
                0x0000000008000264                TMC2209::enable()
 .text._ZN7TMC22097disableEv
                0x00000000080002a8       0x38 ./Core/Src/TMC2209.o
                0x00000000080002a8                TMC2209::disable()
 .text._ZN7TMC220930disableAutomaticCurrentScalingEv
                0x00000000080002e0       0x24 ./Core/Src/TMC2209.o
                0x00000000080002e0                TMC2209::disableAutomaticCurrentScaling()
 .text._ZN7TMC220934disableAutomaticGradientAdaptationEv
                0x0000000008000304       0x24 ./Core/Src/TMC2209.o
                0x0000000008000304                TMC2209::disableAutomaticGradientAdaptation()
 .text._ZN7TMC220910getVersionEv
                0x0000000008000328       0x1e ./Core/Src/TMC2209.o
                0x0000000008000328                TMC2209::getVersion()
 .text._ZN7TMC220910initializeElNS_13SerialAddressE
                0x0000000008000346       0x3e ./Core/Src/TMC2209.o
                0x0000000008000346                TMC2209::initialize(long, TMC2209::SerialAddress)
 .text._ZN7TMC220915serialAvailableEv
                0x0000000008000384       0x28 ./Core/Src/TMC2209.o
                0x0000000008000384                TMC2209::serialAvailable()
 .text._ZN7TMC220911serialWriteEh
                0x00000000080003ac       0x48 ./Core/Src/TMC2209.o
                0x00000000080003ac                TMC2209::serialWrite(unsigned char)
 .text._ZN7TMC220910serialReadEv
                0x00000000080003f4       0x4a ./Core/Src/TMC2209.o
                0x00000000080003f4                TMC2209::serialRead()
 .text._ZN7TMC220911serialFlushEv
                0x000000000800043e       0x2e ./Core/Src/TMC2209.o
                0x000000000800043e                TMC2209::serialFlush()
 .text._ZN7TMC220924setOperationModeToSerialENS_13SerialAddressE
                0x000000000800046c       0x4e ./Core/Src/TMC2209.o
                0x000000000800046c                TMC2209::setOperationModeToSerial(TMC2209::SerialAddress)
 .text._ZN7TMC220920minimizeMotorCurrentEv
                0x00000000080004ba       0x2a ./Core/Src/TMC2209.o
                0x00000000080004ba                TMC2209::minimizeMotorCurrent()
 .text._ZN7TMC220911reverseDataEm
                0x00000000080004e4       0x54 ./Core/Src/TMC2209.o
                0x00000000080004e4                TMC2209::reverseData(unsigned long)
 .text._ZN7TMC22095writeEhm
                0x0000000008000538       0x78 ./Core/Src/TMC2209.o
                0x0000000008000538                TMC2209::write(unsigned char, unsigned long)
 .text._ZN7TMC22094readEh
                0x00000000080005b0      0x12e ./Core/Src/TMC2209.o
                0x00000000080005b0                TMC2209::read(unsigned char)
 .text._ZN7TMC220923writeStoredGlobalConfigEv
                0x00000000080006de       0x1e ./Core/Src/TMC2209.o
                0x00000000080006de                TMC2209::writeStoredGlobalConfig()
 .text._ZN7TMC220924writeStoredDriverCurrentEv
                0x00000000080006fc       0x58 ./Core/Src/TMC2209.o
                0x00000000080006fc                TMC2209::writeStoredDriverCurrent()
 .text._ZN7TMC220924writeStoredChopperConfigEv
                0x0000000008000754       0x1e ./Core/Src/TMC2209.o
                0x0000000008000754                TMC2209::writeStoredChopperConfig()
 .text._ZN7TMC220920writeStoredPwmConfigEv
                0x0000000008000772       0x1e ./Core/Src/TMC2209.o
                0x0000000008000772                TMC2209::writeStoredPwmConfig()
 .text._ZN7TMC220912calculateCrcINS_22WriteReadReplyDatagramEEEhRT_h
                0x0000000008000790       0x9e ./Core/Src/TMC2209.o
                0x0000000008000790                unsigned char TMC2209::calculateCrc<TMC2209::WriteReadReplyDatagram>(TMC2209::WriteReadReplyDatagram&, unsigned char)
 .text._ZN7TMC220926sendDatagramUnidirectionalINS_22WriteReadReplyDatagramEEEvRT_h
                0x000000000800082e       0x60 ./Core/Src/TMC2209.o
                0x000000000800082e                void TMC2209::sendDatagramUnidirectional<TMC2209::WriteReadReplyDatagram>(TMC2209::WriteReadReplyDatagram&, unsigned char)
 .text._ZN7TMC220912calculateCrcINS_19ReadRequestDatagramEEEhRT_h
                0x000000000800088e       0x82 ./Core/Src/TMC2209.o
                0x000000000800088e                unsigned char TMC2209::calculateCrc<TMC2209::ReadRequestDatagram>(TMC2209::ReadRequestDatagram&, unsigned char)
 .text._ZN7TMC220925sendDatagramBidirectionalINS_19ReadRequestDatagramEEEvRT_h
                0x0000000008000910       0xca ./Core/Src/TMC2209.o
                0x0000000008000910                void TMC2209::sendDatagramBidirectional<TMC2209::ReadRequestDatagram>(TMC2209::ReadRequestDatagram&, unsigned char)
 *fill*         0x00000000080009da        0x2 
 .text.DWT_Delay_ms
                0x00000000080009dc       0x54 ./Core/Src/main.o
 .text.main     0x0000000008000a30       0xdc ./Core/Src/main.o
                0x0000000008000a30                main
 .text._Z18SystemClock_Configv
                0x0000000008000b0c       0x96 ./Core/Src/main.o
                0x0000000008000b0c                SystemClock_Config()
 *fill*         0x0000000008000ba2        0x2 
 .text._ZL19MX_USART2_UART_Initv
                0x0000000008000ba4       0x5c ./Core/Src/main.o
 .text._ZL12MX_GPIO_Initv
                0x0000000008000c00       0xc4 ./Core/Src/main.o
 .text.Error_Handler
                0x0000000008000cc4        0xa ./Core/Src/main.o
                0x0000000008000cc4                Error_Handler
 *fill*         0x0000000008000cce        0x2 
 .text.HAL_MspInit
                0x0000000008000cd0       0x74 ./Core/Src/stm32f1xx_hal_msp.o
                0x0000000008000cd0                HAL_MspInit
 .text.HAL_UART_MspInit
                0x0000000008000d44       0xa4 ./Core/Src/stm32f1xx_hal_msp.o
                0x0000000008000d44                HAL_UART_MspInit
 .text.NMI_Handler
                0x0000000008000de8        0x6 ./Core/Src/stm32f1xx_it.o
                0x0000000008000de8                NMI_Handler
 .text.HardFault_Handler
                0x0000000008000dee        0x6 ./Core/Src/stm32f1xx_it.o
                0x0000000008000dee                HardFault_Handler
 .text.MemManage_Handler
                0x0000000008000df4        0x6 ./Core/Src/stm32f1xx_it.o
                0x0000000008000df4                MemManage_Handler
 .text.BusFault_Handler
                0x0000000008000dfa        0x6 ./Core/Src/stm32f1xx_it.o
                0x0000000008000dfa                BusFault_Handler
 .text.UsageFault_Handler
                0x0000000008000e00        0x6 ./Core/Src/stm32f1xx_it.o
                0x0000000008000e00                UsageFault_Handler
 .text.SVC_Handler
                0x0000000008000e06        0xc ./Core/Src/stm32f1xx_it.o
                0x0000000008000e06                SVC_Handler
 .text.DebugMon_Handler
                0x0000000008000e12        0xc ./Core/Src/stm32f1xx_it.o
                0x0000000008000e12                DebugMon_Handler
 .text.PendSV_Handler
                0x0000000008000e1e        0xc ./Core/Src/stm32f1xx_it.o
                0x0000000008000e1e                PendSV_Handler
 .text.SysTick_Handler
                0x0000000008000e2a        0xc ./Core/Src/stm32f1xx_it.o
                0x0000000008000e2a                SysTick_Handler
 .text.RCC_IRQHandler
                0x0000000008000e36        0xc ./Core/Src/stm32f1xx_it.o
                0x0000000008000e36                RCC_IRQHandler
 *fill*         0x0000000008000e42        0x2 
 .text.USART2_IRQHandler
                0x0000000008000e44       0x14 ./Core/Src/stm32f1xx_it.o
                0x0000000008000e44                USART2_IRQHandler
 .text.SystemInit
                0x0000000008000e58        0xc ./Core/Src/system_stm32f1xx.o
                0x0000000008000e58                SystemInit
 .text.Reset_Handler
                0x0000000008000e64       0x48 ./Core/Startup/startup_stm32f103c6tx.o
                0x0000000008000e64                Reset_Handler
 .text.Default_Handler
                0x0000000008000eac        0x2 ./Core/Startup/startup_stm32f103c6tx.o
                0x0000000008000eac                RTC_Alarm_IRQHandler
                0x0000000008000eac                EXTI2_IRQHandler
                0x0000000008000eac                TIM1_CC_IRQHandler
                0x0000000008000eac                PVD_IRQHandler
                0x0000000008000eac                EXTI3_IRQHandler
                0x0000000008000eac                EXTI0_IRQHandler
                0x0000000008000eac                ADC1_2_IRQHandler
                0x0000000008000eac                SPI1_IRQHandler
                0x0000000008000eac                TAMPER_IRQHandler
                0x0000000008000eac                DMA1_Channel4_IRQHandler
                0x0000000008000eac                RTC_IRQHandler
                0x0000000008000eac                DMA1_Channel7_IRQHandler
                0x0000000008000eac                CAN1_RX1_IRQHandler
                0x0000000008000eac                I2C1_EV_IRQHandler
                0x0000000008000eac                DMA1_Channel6_IRQHandler
                0x0000000008000eac                TIM3_IRQHandler
                0x0000000008000eac                TIM1_TRG_COM_IRQHandler
                0x0000000008000eac                DMA1_Channel1_IRQHandler
                0x0000000008000eac                Default_Handler
                0x0000000008000eac                EXTI15_10_IRQHandler
                0x0000000008000eac                EXTI9_5_IRQHandler
                0x0000000008000eac                DMA1_Channel5_IRQHandler
                0x0000000008000eac                EXTI4_IRQHandler
                0x0000000008000eac                USB_LP_CAN1_RX0_IRQHandler
                0x0000000008000eac                USB_HP_CAN1_TX_IRQHandler
                0x0000000008000eac                DMA1_Channel3_IRQHandler
                0x0000000008000eac                TIM1_UP_IRQHandler
                0x0000000008000eac                WWDG_IRQHandler
                0x0000000008000eac                TIM2_IRQHandler
                0x0000000008000eac                TIM1_BRK_IRQHandler
                0x0000000008000eac                EXTI1_IRQHandler
                0x0000000008000eac                DMA1_Channel2_IRQHandler
                0x0000000008000eac                CAN1_SCE_IRQHandler
                0x0000000008000eac                FLASH_IRQHandler
                0x0000000008000eac                USART1_IRQHandler
                0x0000000008000eac                I2C1_ER_IRQHandler
                0x0000000008000eac                USBWakeUp_IRQHandler
 *fill*         0x0000000008000eae        0x2 
 .text.HAL_Init
                0x0000000008000eb0       0x2c ./Drivers/STM32F1xx_HAL_Driver/Src/stm32f1xx_hal.o
                0x0000000008000eb0                HAL_Init
 .text.HAL_InitTick
                0x0000000008000edc       0x60 ./Drivers/STM32F1xx_HAL_Driver/Src/stm32f1xx_hal.o
                0x0000000008000edc                HAL_InitTick
 .text.HAL_IncTick
                0x0000000008000f3c       0x24 ./Drivers/STM32F1xx_HAL_Driver/Src/stm32f1xx_hal.o
                0x0000000008000f3c                HAL_IncTick
 .text.HAL_GetTick
                0x0000000008000f60       0x14 ./Drivers/STM32F1xx_HAL_Driver/Src/stm32f1xx_hal.o
                0x0000000008000f60                HAL_GetTick
 .text.HAL_Delay
                0x0000000008000f74       0x48 ./Drivers/STM32F1xx_HAL_Driver/Src/stm32f1xx_hal.o
                0x0000000008000f74                HAL_Delay
 .text.__NVIC_SetPriorityGrouping
                0x0000000008000fbc       0x48 ./Drivers/STM32F1xx_HAL_Driver/Src/stm32f1xx_hal_cortex.o
 .text.__NVIC_GetPriorityGrouping
                0x0000000008001004       0x1c ./Drivers/STM32F1xx_HAL_Driver/Src/stm32f1xx_hal_cortex.o
 .text.__NVIC_EnableIRQ
                0x0000000008001020       0x38 ./Drivers/STM32F1xx_HAL_Driver/Src/stm32f1xx_hal_cortex.o
 .text.__NVIC_SetPriority
                0x0000000008001058       0x54 ./Drivers/STM32F1xx_HAL_Driver/Src/stm32f1xx_hal_cortex.o
 .text.NVIC_EncodePriority
                0x00000000080010ac       0x64 ./Drivers/STM32F1xx_HAL_Driver/Src/stm32f1xx_hal_cortex.o
 .text.SysTick_Config
                0x0000000008001110       0x44 ./Drivers/STM32F1xx_HAL_Driver/Src/stm32f1xx_hal_cortex.o
 .text.HAL_NVIC_SetPriorityGrouping
                0x0000000008001154       0x16 ./Drivers/STM32F1xx_HAL_Driver/Src/stm32f1xx_hal_cortex.o
                0x0000000008001154                HAL_NVIC_SetPriorityGrouping
 .text.HAL_NVIC_SetPriority
                0x000000000800116a       0x38 ./Drivers/STM32F1xx_HAL_Driver/Src/stm32f1xx_hal_cortex.o
                0x000000000800116a                HAL_NVIC_SetPriority
 .text.HAL_NVIC_EnableIRQ
                0x00000000080011a2       0x1c ./Drivers/STM32F1xx_HAL_Driver/Src/stm32f1xx_hal_cortex.o
                0x00000000080011a2                HAL_NVIC_EnableIRQ
 .text.HAL_SYSTICK_Config
                0x00000000080011be       0x18 ./Drivers/STM32F1xx_HAL_Driver/Src/stm32f1xx_hal_cortex.o
                0x00000000080011be                HAL_SYSTICK_Config
 .text.HAL_DMA_Abort
                0x00000000080011d6       0x76 ./Drivers/STM32F1xx_HAL_Driver/Src/stm32f1xx_hal_dma.o
                0x00000000080011d6                HAL_DMA_Abort
 .text.HAL_DMA_Abort_IT
                0x000000000800124c       0xf0 ./Drivers/STM32F1xx_HAL_Driver/Src/stm32f1xx_hal_dma.o
                0x000000000800124c                HAL_DMA_Abort_IT
 .text.HAL_DMA_GetError
                0x000000000800133c       0x16 ./Drivers/STM32F1xx_HAL_Driver/Src/stm32f1xx_hal_dma.o
                0x000000000800133c                HAL_DMA_GetError
 *fill*         0x0000000008001352        0x2 
 .text.HAL_GPIO_Init
                0x0000000008001354      0x2f8 ./Drivers/STM32F1xx_HAL_Driver/Src/stm32f1xx_hal_gpio.o
                0x0000000008001354                HAL_GPIO_Init
 .text.HAL_GPIO_WritePin
                0x000000000800164c       0x30 ./Drivers/STM32F1xx_HAL_Driver/Src/stm32f1xx_hal_gpio.o
                0x000000000800164c                HAL_GPIO_WritePin
 .text.HAL_GPIO_TogglePin
                0x000000000800167c       0x32 ./Drivers/STM32F1xx_HAL_Driver/Src/stm32f1xx_hal_gpio.o
                0x000000000800167c                HAL_GPIO_TogglePin
 *fill*         0x00000000080016ae        0x2 
 .text.HAL_RCC_OscConfig
                0x00000000080016b0      0x504 ./Drivers/STM32F1xx_HAL_Driver/Src/stm32f1xx_hal_rcc.o
                0x00000000080016b0                HAL_RCC_OscConfig
 .text.HAL_RCC_ClockConfig
                0x0000000008001bb4      0x1d4 ./Drivers/STM32F1xx_HAL_Driver/Src/stm32f1xx_hal_rcc.o
                0x0000000008001bb4                HAL_RCC_ClockConfig
 .text.HAL_RCC_GetSysClockFreq
                0x0000000008001d88       0xa8 ./Drivers/STM32F1xx_HAL_Driver/Src/stm32f1xx_hal_rcc.o
                0x0000000008001d88                HAL_RCC_GetSysClockFreq
 .text.HAL_RCC_GetHCLKFreq
                0x0000000008001e30       0x14 ./Drivers/STM32F1xx_HAL_Driver/Src/stm32f1xx_hal_rcc.o
                0x0000000008001e30                HAL_RCC_GetHCLKFreq
 .text.HAL_RCC_GetPCLK1Freq
                0x0000000008001e44       0x28 ./Drivers/STM32F1xx_HAL_Driver/Src/stm32f1xx_hal_rcc.o
                0x0000000008001e44                HAL_RCC_GetPCLK1Freq
 .text.HAL_RCC_GetPCLK2Freq
                0x0000000008001e6c       0x28 ./Drivers/STM32F1xx_HAL_Driver/Src/stm32f1xx_hal_rcc.o
                0x0000000008001e6c                HAL_RCC_GetPCLK2Freq
 .text.RCC_Delay
                0x0000000008001e94       0x3c ./Drivers/STM32F1xx_HAL_Driver/Src/stm32f1xx_hal_rcc.o
 .text.HAL_UART_Init
                0x0000000008001ed0       0xa0 ./Drivers/STM32F1xx_HAL_Driver/Src/stm32f1xx_hal_uart.o
                0x0000000008001ed0                HAL_UART_Init
 .text.HAL_UART_Transmit
                0x0000000008001f70      0x106 ./Drivers/STM32F1xx_HAL_Driver/Src/stm32f1xx_hal_uart.o
                0x0000000008001f70                HAL_UART_Transmit
 .text.HAL_UART_Receive
                0x0000000008002076      0x124 ./Drivers/STM32F1xx_HAL_Driver/Src/stm32f1xx_hal_uart.o
                0x0000000008002076                HAL_UART_Receive
 .text.HAL_UART_AbortTransmit
                0x000000000800219a       0xd0 ./Drivers/STM32F1xx_HAL_Driver/Src/stm32f1xx_hal_uart.o
                0x000000000800219a                HAL_UART_AbortTransmit
 .text.HAL_UART_AbortReceive
                0x000000000800226a      0x146 ./Drivers/STM32F1xx_HAL_Driver/Src/stm32f1xx_hal_uart.o
                0x000000000800226a                HAL_UART_AbortReceive
 .text.HAL_UART_IRQHandler
                0x00000000080023b0      0x524 ./Drivers/STM32F1xx_HAL_Driver/Src/stm32f1xx_hal_uart.o
                0x00000000080023b0                HAL_UART_IRQHandler
 .text.HAL_UART_TxCpltCallback
                0x00000000080028d4       0x12 ./Drivers/STM32F1xx_HAL_Driver/Src/stm32f1xx_hal_uart.o
                0x00000000080028d4                HAL_UART_TxCpltCallback
 .text.HAL_UART_RxCpltCallback
                0x00000000080028e6       0x12 ./Drivers/STM32F1xx_HAL_Driver/Src/stm32f1xx_hal_uart.o
                0x00000000080028e6                HAL_UART_RxCpltCallback
 .text.HAL_UART_ErrorCallback
                0x00000000080028f8       0x12 ./Drivers/STM32F1xx_HAL_Driver/Src/stm32f1xx_hal_uart.o
                0x00000000080028f8                HAL_UART_ErrorCallback
 .text.HAL_UARTEx_RxEventCallback
                0x000000000800290a       0x16 ./Drivers/STM32F1xx_HAL_Driver/Src/stm32f1xx_hal_uart.o
                0x000000000800290a                HAL_UARTEx_RxEventCallback
 .text.UART_WaitOnFlagUntilTimeout
                0x0000000008002920       0xdc ./Drivers/STM32F1xx_HAL_Driver/Src/stm32f1xx_hal_uart.o
 .text.UART_EndRxTransfer
                0x00000000080029fc       0xc4 ./Drivers/STM32F1xx_HAL_Driver/Src/stm32f1xx_hal_uart.o
 .text.UART_DMAAbortOnError
                0x0000000008002ac0       0x28 ./Drivers/STM32F1xx_HAL_Driver/Src/stm32f1xx_hal_uart.o
 .text.UART_Transmit_IT
                0x0000000008002ae8       0x9e ./Drivers/STM32F1xx_HAL_Driver/Src/stm32f1xx_hal_uart.o
 .text.UART_EndTransmit_IT
                0x0000000008002b86       0x30 ./Drivers/STM32F1xx_HAL_Driver/Src/stm32f1xx_hal_uart.o
 .text.UART_Receive_IT
                0x0000000008002bb6      0x17c ./Drivers/STM32F1xx_HAL_Driver/Src/stm32f1xx_hal_uart.o
 *fill*         0x0000000008002d32        0x2 
 .text.UART_SetConfig
                0x0000000008002d34      0x11c ./Drivers/STM32F1xx_HAL_Driver/Src/stm32f1xx_hal_uart.o
 .text.memset   0x0000000008002e50       0x10 C:/ST/STM32CubeIDE_1.11.2/STM32CubeIDE/plugins/com.st.stm32cube.ide.mcu.externaltools.gnu-tools-for-stm32.11.3.rel1.win32_1.1.1.202309131626/tools/bin/../lib/gcc/arm-none-eabi/11.3.1/../../../../arm-none-eabi/lib/thumb/v7-m/nofp\libc_nano.a(libc_a-memset.o)
                0x0000000008002e50                memset
 .text.__libc_init_array
                0x0000000008002e60       0x48 C:/ST/STM32CubeIDE_1.11.2/STM32CubeIDE/plugins/com.st.stm32cube.ide.mcu.externaltools.gnu-tools-for-stm32.11.3.rel1.win32_1.1.1.202309131626/tools/bin/../lib/gcc/arm-none-eabi/11.3.1/../../../../arm-none-eabi/lib/thumb/v7-m/nofp\libc_nano.a(libc_a-init.o)
                0x0000000008002e60                __libc_init_array
 *(.glue_7)
 .glue_7        0x0000000008002ea8        0x0 linker stubs
 *(.glue_7t)
 .glue_7t       0x0000000008002ea8        0x0 linker stubs
 *(.eh_frame)
 .eh_frame      0x0000000008002ea8        0x0 C:/ST/STM32CubeIDE_1.11.2/STM32CubeIDE/plugins/com.st.stm32cube.ide.mcu.externaltools.gnu-tools-for-stm32.11.3.rel1.win32_1.1.1.202309131626/tools/bin/../lib/gcc/arm-none-eabi/11.3.1/thumb/v7-m/nofp/crtbegin.o
 *(.init)
 .init          0x0000000008002ea8        0x4 C:/ST/STM32CubeIDE_1.11.2/STM32CubeIDE/plugins/com.st.stm32cube.ide.mcu.externaltools.gnu-tools-for-stm32.11.3.rel1.win32_1.1.1.202309131626/tools/bin/../lib/gcc/arm-none-eabi/11.3.1/thumb/v7-m/nofp/crti.o
                0x0000000008002ea8                _init
 .init          0x0000000008002eac        0x8 C:/ST/STM32CubeIDE_1.11.2/STM32CubeIDE/plugins/com.st.stm32cube.ide.mcu.externaltools.gnu-tools-for-stm32.11.3.rel1.win32_1.1.1.202309131626/tools/bin/../lib/gcc/arm-none-eabi/11.3.1/thumb/v7-m/nofp/crtn.o
 *(.fini)
 .fini          0x0000000008002eb4        0x4 C:/ST/STM32CubeIDE_1.11.2/STM32CubeIDE/plugins/com.st.stm32cube.ide.mcu.externaltools.gnu-tools-for-stm32.11.3.rel1.win32_1.1.1.202309131626/tools/bin/../lib/gcc/arm-none-eabi/11.3.1/thumb/v7-m/nofp/crti.o
                0x0000000008002eb4                _fini
 .fini          0x0000000008002eb8        0x8 C:/ST/STM32CubeIDE_1.11.2/STM32CubeIDE/plugins/com.st.stm32cube.ide.mcu.externaltools.gnu-tools-for-stm32.11.3.rel1.win32_1.1.1.202309131626/tools/bin/../lib/gcc/arm-none-eabi/11.3.1/thumb/v7-m/nofp/crtn.o
                0x0000000008002ec0                . = ALIGN (0x4)
                0x0000000008002ec0                _etext = .

.vfp11_veneer   0x0000000008002ec0        0x0
 .vfp11_veneer  0x0000000008002ec0        0x0 linker stubs

.v4_bx          0x0000000008002ec0        0x0
 .v4_bx         0x0000000008002ec0        0x0 linker stubs

.iplt           0x0000000008002ec0        0x0
 .iplt          0x0000000008002ec0        0x0 C:/ST/STM32CubeIDE_1.11.2/STM32CubeIDE/plugins/com.st.stm32cube.ide.mcu.externaltools.gnu-tools-for-stm32.11.3.rel1.win32_1.1.1.202309131626/tools/bin/../lib/gcc/arm-none-eabi/11.3.1/thumb/v7-m/nofp/crtbegin.o

.rodata         0x0000000008002ec0       0x2c
                0x0000000008002ec0                . = ALIGN (0x4)
 *(.rodata)
 *(.rodata*)
 .rodata.AHBPrescTable
                0x0000000008002ec0       0x10 ./Core/Src/system_stm32f1xx.o
                0x0000000008002ec0                AHBPrescTable
 .rodata.APBPrescTable
                0x0000000008002ed0        0x8 ./Core/Src/system_stm32f1xx.o
                0x0000000008002ed0                APBPrescTable
 .rodata.aPLLMULFactorTable.1
                0x0000000008002ed8       0x10 ./Drivers/STM32F1xx_HAL_Driver/Src/stm32f1xx_hal_rcc.o
 .rodata.aPredivFactorTable.0
                0x0000000008002ee8        0x2 ./Drivers/STM32F1xx_HAL_Driver/Src/stm32f1xx_hal_rcc.o
                0x0000000008002eec                . = ALIGN (0x4)
 *fill*         0x0000000008002eea        0x2 

.rel.dyn        0x0000000008002eec        0x0
 .rel.iplt      0x0000000008002eec        0x0 C:/ST/STM32CubeIDE_1.11.2/STM32CubeIDE/plugins/com.st.stm32cube.ide.mcu.externaltools.gnu-tools-for-stm32.11.3.rel1.win32_1.1.1.202309131626/tools/bin/../lib/gcc/arm-none-eabi/11.3.1/thumb/v7-m/nofp/crtbegin.o

.ARM.extab      0x0000000008002eec        0x0
                0x0000000008002eec                . = ALIGN (0x4)
 *(.ARM.extab* .gnu.linkonce.armextab.*)
                0x0000000008002eec                . = ALIGN (0x4)

.ARM            0x0000000008002eec        0x0
                0x0000000008002eec                . = ALIGN (0x4)
                0x0000000008002eec                __exidx_start = .
 *(.ARM.exidx*)
                0x0000000008002eec                __exidx_end = .
                0x0000000008002eec                . = ALIGN (0x4)

.preinit_array  0x0000000008002eec        0x0
                0x0000000008002eec                . = ALIGN (0x4)
                0x0000000008002eec                PROVIDE (__preinit_array_start = .)
 *(.preinit_array*)
                0x0000000008002eec                PROVIDE (__preinit_array_end = .)
                0x0000000008002eec                . = ALIGN (0x4)

.init_array     0x0000000008002eec        0x4
                0x0000000008002eec                . = ALIGN (0x4)
                0x0000000008002eec                PROVIDE (__init_array_start = .)
 *(SORT_BY_NAME(.init_array.*))
 *(.init_array*)
 .init_array    0x0000000008002eec        0x4 C:/ST/STM32CubeIDE_1.11.2/STM32CubeIDE/plugins/com.st.stm32cube.ide.mcu.externaltools.gnu-tools-for-stm32.11.3.rel1.win32_1.1.1.202309131626/tools/bin/../lib/gcc/arm-none-eabi/11.3.1/thumb/v7-m/nofp/crtbegin.o
                0x0000000008002ef0                PROVIDE (__init_array_end = .)
                0x0000000008002ef0                . = ALIGN (0x4)

.fini_array     0x0000000008002ef0        0x4
                0x0000000008002ef0                . = ALIGN (0x4)
                [!provide]                        PROVIDE (__fini_array_start = .)
 *(SORT_BY_NAME(.fini_array.*))
 *(.fini_array*)
 .fini_array    0x0000000008002ef0        0x4 C:/ST/STM32CubeIDE_1.11.2/STM32CubeIDE/plugins/com.st.stm32cube.ide.mcu.externaltools.gnu-tools-for-stm32.11.3.rel1.win32_1.1.1.202309131626/tools/bin/../lib/gcc/arm-none-eabi/11.3.1/thumb/v7-m/nofp/crtbegin.o
                [!provide]                        PROVIDE (__fini_array_end = .)
                0x0000000008002ef4                . = ALIGN (0x4)
                0x0000000008002ef4                _sidata = LOADADDR (.data)

.data           0x0000000020000000        0xc load address 0x0000000008002ef4
                0x0000000020000000                . = ALIGN (0x4)
                0x0000000020000000                _sdata = .
 *(.data)
 *(.data*)
 .data.SystemCoreClock
                0x0000000020000000        0x4 ./Core/Src/system_stm32f1xx.o
                0x0000000020000000                SystemCoreClock
 .data.uwTickPrio
                0x0000000020000004        0x4 ./Drivers/STM32F1xx_HAL_Driver/Src/stm32f1xx_hal.o
                0x0000000020000004                uwTickPrio
 .data.uwTickFreq
                0x0000000020000008        0x1 ./Drivers/STM32F1xx_HAL_Driver/Src/stm32f1xx_hal.o
                0x0000000020000008                uwTickFreq
 *(.RamFunc)
 *(.RamFunc*)
                0x000000002000000c                . = ALIGN (0x4)
 *fill*         0x0000000020000009        0x3 
                0x000000002000000c                _edata = .

.igot.plt       0x000000002000000c        0x0 load address 0x0000000008002f00
 .igot.plt      0x000000002000000c        0x0 C:/ST/STM32CubeIDE_1.11.2/STM32CubeIDE/plugins/com.st.stm32cube.ide.mcu.externaltools.gnu-tools-for-stm32.11.3.rel1.win32_1.1.1.202309131626/tools/bin/../lib/gcc/arm-none-eabi/11.3.1/thumb/v7-m/nofp/crtbegin.o
                0x000000002000000c                . = ALIGN (0x4)

.bss            0x000000002000000c       0x68 load address 0x0000000008002f00
                0x000000002000000c                _sbss = .
                0x000000002000000c                __bss_start__ = _sbss
 *(.bss)
 .bss           0x000000002000000c       0x1c C:/ST/STM32CubeIDE_1.11.2/STM32CubeIDE/plugins/com.st.stm32cube.ide.mcu.externaltools.gnu-tools-for-stm32.11.3.rel1.win32_1.1.1.202309131626/tools/bin/../lib/gcc/arm-none-eabi/11.3.1/thumb/v7-m/nofp/crtbegin.o
 *(.bss*)
 .bss.huart2    0x0000000020000028       0x48 ./Core/Src/main.o
                0x0000000020000028                huart2
 .bss.uwTick    0x0000000020000070        0x4 ./Drivers/STM32F1xx_HAL_Driver/Src/stm32f1xx_hal.o
                0x0000000020000070                uwTick
 *(COMMON)
                0x0000000020000074                . = ALIGN (0x4)
                0x0000000020000074                _ebss = .
                0x0000000020000074                __bss_end__ = _ebss

._user_heap_stack
                0x0000000020000074      0x604 load address 0x0000000008002f00
                0x0000000020000078                . = ALIGN (0x8)
 *fill*         0x0000000020000074        0x4 
                [!provide]                        PROVIDE (end = .)
                0x0000000020000078                PROVIDE (_end = .)
                0x0000000020000278                . = (. + _Min_Heap_Size)
 *fill*         0x0000000020000078      0x200 
                0x0000000020000678                . = (. + _Min_Stack_Size)
 *fill*         0x0000000020000278      0x400 
                0x0000000020000678                . = ALIGN (0x8)

/DISCARD/
 libc.a(*)
 libm.a(*)
 libgcc.a(*)

.ARM.attributes
                0x0000000000000000       0x29
 *(.ARM.attributes)
 .ARM.attributes
                0x0000000000000000       0x1d C:/ST/STM32CubeIDE_1.11.2/STM32CubeIDE/plugins/com.st.stm32cube.ide.mcu.externaltools.gnu-tools-for-stm32.11.3.rel1.win32_1.1.1.202309131626/tools/bin/../lib/gcc/arm-none-eabi/11.3.1/thumb/v7-m/nofp/crti.o
 .ARM.attributes
                0x000000000000001d       0x2d C:/ST/STM32CubeIDE_1.11.2/STM32CubeIDE/plugins/com.st.stm32cube.ide.mcu.externaltools.gnu-tools-for-stm32.11.3.rel1.win32_1.1.1.202309131626/tools/bin/../lib/gcc/arm-none-eabi/11.3.1/thumb/v7-m/nofp/crtbegin.o
 .ARM.attributes
                0x000000000000004a       0x2d ./Core/Src/DWT_Delay.o
 .ARM.attributes
                0x0000000000000077       0x2d ./Core/Src/TMC2209.o
 .ARM.attributes
                0x00000000000000a4       0x2d ./Core/Src/main.o
 .ARM.attributes
                0x00000000000000d1       0x2d ./Core/Src/stm32f1xx_hal_msp.o
 .ARM.attributes
                0x00000000000000fe       0x2d ./Core/Src/stm32f1xx_it.o
 .ARM.attributes
                0x000000000000012b       0x2d ./Core/Src/system_stm32f1xx.o
 .ARM.attributes
                0x0000000000000158       0x21 ./Core/Startup/startup_stm32f103c6tx.o
 .ARM.attributes
                0x0000000000000179       0x2d ./Drivers/STM32F1xx_HAL_Driver/Src/stm32f1xx_hal.o
 .ARM.attributes
                0x00000000000001a6       0x2d ./Drivers/STM32F1xx_HAL_Driver/Src/stm32f1xx_hal_cortex.o
 .ARM.attributes
                0x00000000000001d3       0x2d ./Drivers/STM32F1xx_HAL_Driver/Src/stm32f1xx_hal_dma.o
 .ARM.attributes
                0x0000000000000200       0x2d ./Drivers/STM32F1xx_HAL_Driver/Src/stm32f1xx_hal_gpio.o
 .ARM.attributes
                0x000000000000022d       0x2d ./Drivers/STM32F1xx_HAL_Driver/Src/stm32f1xx_hal_rcc.o
 .ARM.attributes
                0x000000000000025a       0x2d ./Drivers/STM32F1xx_HAL_Driver/Src/stm32f1xx_hal_uart.o
 .ARM.attributes
                0x0000000000000287       0x2d C:/ST/STM32CubeIDE_1.11.2/STM32CubeIDE/plugins/com.st.stm32cube.ide.mcu.externaltools.gnu-tools-for-stm32.11.3.rel1.win32_1.1.1.202309131626/tools/bin/../lib/gcc/arm-none-eabi/11.3.1/../../../../arm-none-eabi/lib/thumb/v7-m/nofp\libc_nano.a(libc_a-memset.o)
 .ARM.attributes
                0x00000000000002b4       0x2d C:/ST/STM32CubeIDE_1.11.2/STM32CubeIDE/plugins/com.st.stm32cube.ide.mcu.externaltools.gnu-tools-for-stm32.11.3.rel1.win32_1.1.1.202309131626/tools/bin/../lib/gcc/arm-none-eabi/11.3.1/../../../../arm-none-eabi/lib/thumb/v7-m/nofp\libc_nano.a(libc_a-init.o)
 .ARM.attributes
                0x00000000000002e1       0x1d C:/ST/STM32CubeIDE_1.11.2/STM32CubeIDE/plugins/com.st.stm32cube.ide.mcu.externaltools.gnu-tools-for-stm32.11.3.rel1.win32_1.1.1.202309131626/tools/bin/../lib/gcc/arm-none-eabi/11.3.1/thumb/v7-m/nofp/crtn.o
OUTPUT(uartok.elf elf32-littlearm)
LOAD linker stubs
LOAD C:/ST/STM32CubeIDE_1.11.2/STM32CubeIDE/plugins/com.st.stm32cube.ide.mcu.externaltools.gnu-tools-for-stm32.11.3.rel1.win32_1.1.1.202309131626/tools/bin/../lib/gcc/arm-none-eabi/11.3.1/../../../../arm-none-eabi/lib/thumb/v7-m/nofp\libc.a
LOAD C:/ST/STM32CubeIDE_1.11.2/STM32CubeIDE/plugins/com.st.stm32cube.ide.mcu.externaltools.gnu-tools-for-stm32.11.3.rel1.win32_1.1.1.202309131626/tools/bin/../lib/gcc/arm-none-eabi/11.3.1/../../../../arm-none-eabi/lib/thumb/v7-m/nofp\libm.a
LOAD C:/ST/STM32CubeIDE_1.11.2/STM32CubeIDE/plugins/com.st.stm32cube.ide.mcu.externaltools.gnu-tools-for-stm32.11.3.rel1.win32_1.1.1.202309131626/tools/bin/../lib/gcc/arm-none-eabi/11.3.1/thumb/v7-m/nofp\libgcc.a

.comment        0x0000000000000000       0x43
 .comment       0x0000000000000000       0x43 C:/ST/STM32CubeIDE_1.11.2/STM32CubeIDE/plugins/com.st.stm32cube.ide.mcu.externaltools.gnu-tools-for-stm32.11.3.rel1.win32_1.1.1.202309131626/tools/bin/../lib/gcc/arm-none-eabi/11.3.1/thumb/v7-m/nofp/crtbegin.o
                                         0x44 (size before relaxing)
 .comment       0x0000000000000043       0x44 ./Core/Src/DWT_Delay.o
 .comment       0x0000000000000043       0x44 ./Core/Src/TMC2209.o
 .comment       0x0000000000000043       0x44 ./Core/Src/main.o
 .comment       0x0000000000000043       0x44 ./Core/Src/stm32f1xx_hal_msp.o
 .comment       0x0000000000000043       0x44 ./Core/Src/stm32f1xx_it.o
 .comment       0x0000000000000043       0x44 ./Core/Src/system_stm32f1xx.o
 .comment       0x0000000000000043       0x44 ./Drivers/STM32F1xx_HAL_Driver/Src/stm32f1xx_hal.o
 .comment       0x0000000000000043       0x44 ./Drivers/STM32F1xx_HAL_Driver/Src/stm32f1xx_hal_cortex.o
 .comment       0x0000000000000043       0x44 ./Drivers/STM32F1xx_HAL_Driver/Src/stm32f1xx_hal_dma.o
 .comment       0x0000000000000043       0x44 ./Drivers/STM32F1xx_HAL_Driver/Src/stm32f1xx_hal_gpio.o
 .comment       0x0000000000000043       0x44 ./Drivers/STM32F1xx_HAL_Driver/Src/stm32f1xx_hal_rcc.o
 .comment       0x0000000000000043       0x44 ./Drivers/STM32F1xx_HAL_Driver/Src/stm32f1xx_hal_uart.o

.debug_info     0x0000000000000000     0xc4e6
 .debug_info    0x0000000000000000      0x22c ./Core/Src/DWT_Delay.o
 .debug_info    0x000000000000022c     0x374f ./Core/Src/TMC2209.o
 .debug_info    0x000000000000397b     0x2477 ./Core/Src/main.o
 .debug_info    0x0000000000005df2      0x96b ./Core/Src/stm32f1xx_hal_msp.o
 .debug_info    0x000000000000675d      0x5fb ./Core/Src/stm32f1xx_it.o
 .debug_info    0x0000000000006d58      0x222 ./Core/Src/system_stm32f1xx.o
 .debug_info    0x0000000000006f7a       0x23 ./Core/Startup/startup_stm32f103c6tx.o
 .debug_info    0x0000000000006f9d      0x6e6 ./Drivers/STM32F1xx_HAL_Driver/Src/stm32f1xx_hal.o
 .debug_info    0x0000000000007683      0xa69 ./Drivers/STM32F1xx_HAL_Driver/Src/stm32f1xx_hal_cortex.o
 .debug_info    0x00000000000080ec      0x6d2 ./Drivers/STM32F1xx_HAL_Driver/Src/stm32f1xx_hal_dma.o
 .debug_info    0x00000000000087be      0x5ab ./Drivers/STM32F1xx_HAL_Driver/Src/stm32f1xx_hal_gpio.o
 .debug_info    0x0000000000008d69      0x7d5 ./Drivers/STM32F1xx_HAL_Driver/Src/stm32f1xx_hal_rcc.o
 .debug_info    0x000000000000953e     0x2fa8 ./Drivers/STM32F1xx_HAL_Driver/Src/stm32f1xx_hal_uart.o

.debug_abbrev   0x0000000000000000     0x1e5a
 .debug_abbrev  0x0000000000000000       0xab ./Core/Src/DWT_Delay.o
 .debug_abbrev  0x00000000000000ab      0x57f ./Core/Src/TMC2209.o
 .debug_abbrev  0x000000000000062a      0x526 ./Core/Src/main.o
 .debug_abbrev  0x0000000000000b50      0x1ca ./Core/Src/stm32f1xx_hal_msp.o
 .debug_abbrev  0x0000000000000d1a      0x176 ./Core/Src/stm32f1xx_it.o
 .debug_abbrev  0x0000000000000e90      0x13f ./Core/Src/system_stm32f1xx.o
 .debug_abbrev  0x0000000000000fcf       0x12 ./Core/Startup/startup_stm32f103c6tx.o
 .debug_abbrev  0x0000000000000fe1      0x201 ./Drivers/STM32F1xx_HAL_Driver/Src/stm32f1xx_hal.o
 .debug_abbrev  0x00000000000011e2      0x2f8 ./Drivers/STM32F1xx_HAL_Driver/Src/stm32f1xx_hal_cortex.o
 .debug_abbrev  0x00000000000014da      0x20b ./Drivers/STM32F1xx_HAL_Driver/Src/stm32f1xx_hal_dma.o
 .debug_abbrev  0x00000000000016e5      0x1ca ./Drivers/STM32F1xx_HAL_Driver/Src/stm32f1xx_hal_gpio.o
 .debug_abbrev  0x00000000000018af      0x2b3 ./Drivers/STM32F1xx_HAL_Driver/Src/stm32f1xx_hal_rcc.o
 .debug_abbrev  0x0000000000001b62      0x2f8 ./Drivers/STM32F1xx_HAL_Driver/Src/stm32f1xx_hal_uart.o

.debug_aranges  0x0000000000000000      0x960
 .debug_aranges
                0x0000000000000000       0x20 ./Core/Src/DWT_Delay.o
 .debug_aranges
                0x0000000000000020      0x2b8 ./Core/Src/TMC2209.o
 .debug_aranges
                0x00000000000002d8       0x48 ./Core/Src/main.o
 .debug_aranges
                0x0000000000000320       0x30 ./Core/Src/stm32f1xx_hal_msp.o
 .debug_aranges
                0x0000000000000350       0x70 ./Core/Src/stm32f1xx_it.o
 .debug_aranges
                0x00000000000003c0       0x28 ./Core/Src/system_stm32f1xx.o
 .debug_aranges
                0x00000000000003e8       0x28 ./Core/Startup/startup_stm32f103c6tx.o
 .debug_aranges
                0x0000000000000410       0xe0 ./Drivers/STM32F1xx_HAL_Driver/Src/stm32f1xx_hal.o
 .debug_aranges
                0x00000000000004f0      0x100 ./Drivers/STM32F1xx_HAL_Driver/Src/stm32f1xx_hal_cortex.o
 .debug_aranges
                0x00000000000005f0       0x80 ./Drivers/STM32F1xx_HAL_Driver/Src/stm32f1xx_hal_dma.o
 .debug_aranges
                0x0000000000000670       0x58 ./Drivers/STM32F1xx_HAL_Driver/Src/stm32f1xx_hal_gpio.o
 .debug_aranges
                0x00000000000006c8       0x90 ./Drivers/STM32F1xx_HAL_Driver/Src/stm32f1xx_hal_rcc.o
 .debug_aranges
                0x0000000000000758      0x208 ./Drivers/STM32F1xx_HAL_Driver/Src/stm32f1xx_hal_uart.o

.debug_rnglists
                0x0000000000000000      0x720
 .debug_rnglists
                0x0000000000000000       0x13 ./Core/Src/DWT_Delay.o
 .debug_rnglists
                0x0000000000000013      0x20e ./Core/Src/TMC2209.o
 .debug_rnglists
                0x0000000000000221       0x34 ./Core/Src/main.o
 .debug_rnglists
                0x0000000000000255       0x20 ./Core/Src/stm32f1xx_hal_msp.o
 .debug_rnglists
                0x0000000000000275       0x4f ./Core/Src/stm32f1xx_it.o
 .debug_rnglists
                0x00000000000002c4       0x1a ./Core/Src/system_stm32f1xx.o
 .debug_rnglists
                0x00000000000002de       0x19 ./Core/Startup/startup_stm32f103c6tx.o
 .debug_rnglists
                0x00000000000002f7       0xa3 ./Drivers/STM32F1xx_HAL_Driver/Src/stm32f1xx_hal.o
 .debug_rnglists
                0x000000000000039a       0xbb ./Drivers/STM32F1xx_HAL_Driver/Src/stm32f1xx_hal_cortex.o
 .debug_rnglists
                0x0000000000000455       0x64 ./Drivers/STM32F1xx_HAL_Driver/Src/stm32f1xx_hal_dma.o
 .debug_rnglists
                0x00000000000004b9       0x3f ./Drivers/STM32F1xx_HAL_Driver/Src/stm32f1xx_hal_gpio.o
 .debug_rnglists
                0x00000000000004f8       0x6c ./Drivers/STM32F1xx_HAL_Driver/Src/stm32f1xx_hal_rcc.o
 .debug_rnglists
                0x0000000000000564      0x1bc ./Drivers/STM32F1xx_HAL_Driver/Src/stm32f1xx_hal_uart.o

.debug_macro    0x0000000000000000    0x17f0c
 .debug_macro   0x0000000000000000      0x196 ./Core/Src/DWT_Delay.o
 .debug_macro   0x0000000000000196      0xa9c ./Core/Src/DWT_Delay.o
 .debug_macro   0x0000000000000c32      0x215 ./Core/Src/DWT_Delay.o
 .debug_macro   0x0000000000000e47       0x2e ./Core/Src/DWT_Delay.o
 .debug_macro   0x0000000000000e75       0x22 ./Core/Src/DWT_Delay.o
 .debug_macro   0x0000000000000e97       0x22 ./Core/Src/DWT_Delay.o
 .debug_macro   0x0000000000000eb9       0x8e ./Core/Src/DWT_Delay.o
 .debug_macro   0x0000000000000f47       0x51 ./Core/Src/DWT_Delay.o
 .debug_macro   0x0000000000000f98      0x103 ./Core/Src/DWT_Delay.o
 .debug_macro   0x000000000000109b       0x6a ./Core/Src/DWT_Delay.o
 .debug_macro   0x0000000000001105      0x1df ./Core/Src/DWT_Delay.o
 .debug_macro   0x00000000000012e4       0x1c ./Core/Src/DWT_Delay.o
 .debug_macro   0x0000000000001300       0x22 ./Core/Src/DWT_Delay.o
 .debug_macro   0x0000000000001322       0xbd ./Core/Src/DWT_Delay.o
 .debug_macro   0x00000000000013df      0xd23 ./Core/Src/DWT_Delay.o
 .debug_macro   0x0000000000002102     0xde75 ./Core/Src/DWT_Delay.o
 .debug_macro   0x000000000000ff77       0x6d ./Core/Src/DWT_Delay.o
 .debug_macro   0x000000000000ffe4     0x348d ./Core/Src/DWT_Delay.o
 .debug_macro   0x0000000000013471      0x174 ./Core/Src/DWT_Delay.o
 .debug_macro   0x00000000000135e5       0x5c ./Core/Src/DWT_Delay.o
 .debug_macro   0x0000000000013641      0x5bc ./Core/Src/DWT_Delay.o
 .debug_macro   0x0000000000013bfd      0x1b7 ./Core/Src/DWT_Delay.o
 .debug_macro   0x0000000000013db4      0x1cb ./Core/Src/DWT_Delay.o
 .debug_macro   0x0000000000013f7f      0x114 ./Core/Src/DWT_Delay.o
 .debug_macro   0x0000000000014093      0x1b2 ./Core/Src/DWT_Delay.o
 .debug_macro   0x0000000000014245       0x27 ./Core/Src/DWT_Delay.o
 .debug_macro   0x000000000001426c      0x12f ./Core/Src/DWT_Delay.o
 .debug_macro   0x000000000001439b      0x1bc ./Core/Src/DWT_Delay.o
 .debug_macro   0x0000000000014557       0x34 ./Core/Src/DWT_Delay.o
 .debug_macro   0x000000000001458b       0x3c ./Core/Src/DWT_Delay.o
 .debug_macro   0x00000000000145c7       0x57 ./Core/Src/DWT_Delay.o
 .debug_macro   0x000000000001461e       0x87 ./Core/Src/DWT_Delay.o
 .debug_macro   0x00000000000146a5      0x183 ./Core/Src/DWT_Delay.o
 .debug_macro   0x0000000000014828      0x140 ./Core/Src/DWT_Delay.o
 .debug_macro   0x0000000000014968      0x28e ./Core/Src/DWT_Delay.o
 .debug_macro   0x0000000000014bf6       0x69 ./Core/Src/DWT_Delay.o
 .debug_macro   0x0000000000014c5f      0x1e9 ./Core/Src/TMC2209.o
 .debug_macro   0x0000000000014e48      0xb74 ./Core/Src/TMC2209.o
 .debug_macro   0x00000000000159bc      0x17b ./Core/Src/TMC2209.o
 .debug_macro   0x0000000000015b37       0x1c ./Core/Src/TMC2209.o
 .debug_macro   0x0000000000015b53      0xd23 ./Core/Src/TMC2209.o
 .debug_macro   0x0000000000016876      0x1b2 ./Core/Src/TMC2209.o
 .debug_macro   0x0000000000016a28       0x10 ./Core/Src/TMC2209.o
 .debug_macro   0x0000000000016a38      0x3ed ./Core/Src/TMC2209.o
 .debug_macro   0x0000000000016e25       0x34 ./Core/Src/TMC2209.o
 .debug_macro   0x0000000000016e59      0x1e9 ./Core/Src/main.o
 .debug_macro   0x0000000000017042      0x1a5 ./Core/Src/stm32f1xx_hal_msp.o
 .debug_macro   0x00000000000171e7      0x1af ./Core/Src/stm32f1xx_it.o
 .debug_macro   0x0000000000017396      0x18c ./Core/Src/system_stm32f1xx.o
 .debug_macro   0x0000000000017522      0x1b0 ./Drivers/STM32F1xx_HAL_Driver/Src/stm32f1xx_hal.o
 .debug_macro   0x00000000000176d2      0x18c ./Drivers/STM32F1xx_HAL_Driver/Src/stm32f1xx_hal_cortex.o
 .debug_macro   0x000000000001785e      0x18c ./Drivers/STM32F1xx_HAL_Driver/Src/stm32f1xx_hal_dma.o
 .debug_macro   0x00000000000179ea      0x1f7 ./Drivers/STM32F1xx_HAL_Driver/Src/stm32f1xx_hal_gpio.o
 .debug_macro   0x0000000000017be1      0x19e ./Drivers/STM32F1xx_HAL_Driver/Src/stm32f1xx_hal_rcc.o
 .debug_macro   0x0000000000017d7f      0x18d ./Drivers/STM32F1xx_HAL_Driver/Src/stm32f1xx_hal_uart.o

.debug_line     0x0000000000000000     0xa2af
 .debug_line    0x0000000000000000      0x6e3 ./Core/Src/DWT_Delay.o
 .debug_line    0x00000000000006e3     0x17e3 ./Core/Src/TMC2209.o
 .debug_line    0x0000000000001ec6      0xa65 ./Core/Src/main.o
 .debug_line    0x000000000000292b      0x734 ./Core/Src/stm32f1xx_hal_msp.o
 .debug_line    0x000000000000305f      0x7c8 ./Core/Src/stm32f1xx_it.o
 .debug_line    0x0000000000003827      0x74a ./Core/Src/system_stm32f1xx.o
 .debug_line    0x0000000000003f71       0x78 ./Core/Startup/startup_stm32f103c6tx.o
 .debug_line    0x0000000000003fe9      0x977 ./Drivers/STM32F1xx_HAL_Driver/Src/stm32f1xx_hal.o
 .debug_line    0x0000000000004960      0xb5f ./Drivers/STM32F1xx_HAL_Driver/Src/stm32f1xx_hal_cortex.o
 .debug_line    0x00000000000054bf      0xdd0 ./Drivers/STM32F1xx_HAL_Driver/Src/stm32f1xx_hal_dma.o
 .debug_line    0x000000000000628f      0x9fb ./Drivers/STM32F1xx_HAL_Driver/Src/stm32f1xx_hal_gpio.o
 .debug_line    0x0000000000006c8a      0xd80 ./Drivers/STM32F1xx_HAL_Driver/Src/stm32f1xx_hal_rcc.o
 .debug_line    0x0000000000007a0a     0x28a5 ./Drivers/STM32F1xx_HAL_Driver/Src/stm32f1xx_hal_uart.o

.debug_str      0x0000000000000000    0x80f85
 .debug_str     0x0000000000000000    0x7a23e ./Core/Src/DWT_Delay.o
                                      0x7a577 (size before relaxing)
 .debug_str     0x000000000007a23e     0x5309 ./Core/Src/TMC2209.o
                                      0x7f946 (size before relaxing)
 .debug_str     0x000000000007f547      0x2bf ./Core/Src/main.o
                                      0x7f63f (size before relaxing)
 .debug_str     0x000000000007f806      0x2fa ./Core/Src/stm32f1xx_hal_msp.o
                                      0x7ad21 (size before relaxing)
 .debug_str     0x000000000007fb00       0xfe ./Core/Src/stm32f1xx_it.o
                                      0x7aa1a (size before relaxing)
 .debug_str     0x000000000007fbfe       0x7e ./Core/Src/system_stm32f1xx.o
                                      0x7a53a (size before relaxing)
 .debug_str     0x000000000007fc7c       0x34 ./Core/Startup/startup_stm32f103c6tx.o
                                         0x71 (size before relaxing)
 .debug_str     0x000000000007fcb0      0x37f ./Drivers/STM32F1xx_HAL_Driver/Src/stm32f1xx_hal.o
                                      0x7ac33 (size before relaxing)
 .debug_str     0x000000000008002f      0x27a ./Drivers/STM32F1xx_HAL_Driver/Src/stm32f1xx_hal_cortex.o
                                      0x7ab7f (size before relaxing)
 .debug_str     0x00000000000802a9      0x23a ./Drivers/STM32F1xx_HAL_Driver/Src/stm32f1xx_hal_dma.o
                                      0x7a8e3 (size before relaxing)
 .debug_str     0x00000000000804e3      0x2ce ./Drivers/STM32F1xx_HAL_Driver/Src/stm32f1xx_hal_gpio.o
                                      0x7a8c0 (size before relaxing)
 .debug_str     0x00000000000807b1      0x215 ./Drivers/STM32F1xx_HAL_Driver/Src/stm32f1xx_hal_rcc.o
                                      0x7a969 (size before relaxing)
 .debug_str     0x00000000000809c6      0x5bf ./Drivers/STM32F1xx_HAL_Driver/Src/stm32f1xx_hal_uart.o
                                      0x7afda (size before relaxing)

.debug_frame    0x0000000000000000     0x2594
 .debug_frame   0x0000000000000000       0x30 ./Core/Src/DWT_Delay.o
 .debug_frame   0x0000000000000030      0xc28 ./Core/Src/TMC2209.o
 .debug_frame   0x0000000000000c58       0xd0 ./Core/Src/main.o
 .debug_frame   0x0000000000000d28       0x7c ./Core/Src/stm32f1xx_hal_msp.o
 .debug_frame   0x0000000000000da4      0x140 ./Core/Src/stm32f1xx_it.o
 .debug_frame   0x0000000000000ee4       0x58 ./Core/Src/system_stm32f1xx.o
 .debug_frame   0x0000000000000f3c      0x334 ./Drivers/STM32F1xx_HAL_Driver/Src/stm32f1xx_hal.o
 .debug_frame   0x0000000000001270      0x428 ./Drivers/STM32F1xx_HAL_Driver/Src/stm32f1xx_hal_cortex.o
 .debug_frame   0x0000000000001698      0x208 ./Drivers/STM32F1xx_HAL_Driver/Src/stm32f1xx_hal_dma.o
 .debug_frame   0x00000000000018a0      0x14c ./Drivers/STM32F1xx_HAL_Driver/Src/stm32f1xx_hal_gpio.o
 .debug_frame   0x00000000000019ec      0x218 ./Drivers/STM32F1xx_HAL_Driver/Src/stm32f1xx_hal_rcc.o
 .debug_frame   0x0000000000001c04      0x944 ./Drivers/STM32F1xx_HAL_Driver/Src/stm32f1xx_hal_uart.o
 .debug_frame   0x0000000000002548       0x20 C:/ST/STM32CubeIDE_1.11.2/STM32CubeIDE/plugins/com.st.stm32cube.ide.mcu.externaltools.gnu-tools-for-stm32.11.3.rel1.win32_1.1.1.202309131626/tools/bin/../lib/gcc/arm-none-eabi/11.3.1/../../../../arm-none-eabi/lib/thumb/v7-m/nofp\libc_nano.a(libc_a-memset.o)
 .debug_frame   0x0000000000002568       0x2c C:/ST/STM32CubeIDE_1.11.2/STM32CubeIDE/plugins/com.st.stm32cube.ide.mcu.externaltools.gnu-tools-for-stm32.11.3.rel1.win32_1.1.1.202309131626/tools/bin/../lib/gcc/arm-none-eabi/11.3.1/../../../../arm-none-eabi/lib/thumb/v7-m/nofp\libc_nano.a(libc_a-init.o)

.debug_line_str
                0x0000000000000000       0x65
 .debug_line_str
                0x0000000000000000       0x65 ./Core/Startup/startup_stm32f103c6tx.o
                                         0x7d (size before relaxing)
